\BOOKMARK [1][-]{section.1}{\376\377\000W\000e\000l\000c\000o\000m\000e\000\040\000L\000e\000t\000t\000e\000r\000\040\000f\000r\000o\000m\000\040\000t\000h\000e\000\040\000C\000h\000a\000i\000r\000s}{}% 1
\BOOKMARK [1][-]{section.2}{\376\377\000L\000i\000s\000t\000\040\000o\000f\000\040\000A\000b\000b\000r\000e\000v\000i\000a\000t\000i\000o\000n\000s}{}% 2
\BOOKMARK [1][-]{section.3}{\376\377\000A\000b\000o\000u\000t\000\040\000t\000h\000e\000\040\000C\000o\000m\000m\000i\000t\000t\000e\000e}{}% 3
\BOOKMARK [2][-]{subsection*.1}{\376\377\000M\000a\000n\000d\000a\000t\000e}{section.3}% 4
\BOOKMARK [2][-]{subsection*.2}{\376\377\000H\000i\000s\000t\000o\000r\000y}{section.3}% 5
\BOOKMARK [1][-]{section.4}{\376\377\000A\000b\000o\000u\000t\000\040\000t\000h\000e\000\040\000T\000o\000p\000i\000c}{}% 6
\BOOKMARK [2][-]{subsection*.3}{\376\377\000K\000e\000y\000\040\000T\000e\000r\000m\000s}{section.4}% 7
\BOOKMARK [2][-]{subsection*.12}{\376\377\000I\000n\000t\000r\000o\000d\000u\000c\000t\000i\000o\000n\000\040\000t\000o\000\040\000t\000h\000e\000\040\000T\000o\000p\000i\000c}{section.4}% 8
\BOOKMARK [2][-]{subsection*.13}{\376\377\000H\000i\000s\000t\000o\000r\000y\000\040\000o\000f\000\040\000t\000h\000e\000\040\000T\000o\000p\000i\000c}{section.4}% 9
\BOOKMARK [2][-]{subsection*.17}{\376\377\000P\000a\000s\000t\000\040\000A\000c\000t\000i\000o\000n\000s}{section.4}% 10
\BOOKMARK [1][-]{section.5}{\376\377\000C\000u\000r\000r\000e\000n\000t\000\040\000S\000i\000t\000u\000a\000t\000i\000o\000n}{}% 11
\BOOKMARK [2][-]{subsection*.18}{\376\377\000P\000r\000o\000b\000l\000e\000m\000\040\000S\000t\000a\000t\000e\000m\000e\000n\000t}{section.5}% 12
\BOOKMARK [2][-]{subsection*.19}{\376\377\000P\000o\000s\000s\000i\000b\000l\000e\000\040\000S\000o\000l\000u\000t\000i\000o\000n\000s}{section.5}% 13
\BOOKMARK [1][-]{section.6}{\376\377\000K\000e\000y\000\040\000S\000t\000a\000k\000e\000h\000o\000l\000d\000e\000r\000s\000\040\000\046\000\040\000B\000l\000o\000c\000s}{}% 14
\BOOKMARK [2][-]{subsection*.24}{\376\377\000W\000e\000s\000t\000e\000r\000n\000\040\000B\000l\000o\000c}{section.6}% 15
\BOOKMARK [2][-]{subsection*.25}{\376\377\000L\000a\000t\000i\000n\000\040\000A\000m\000e\000r\000i\000c\000a\000n\000\040\000B\000l\000o\000c}{section.6}% 16
\BOOKMARK [2][-]{subsection*.26}{\376\377\000A\000f\000r\000i\000c\000a\000\040\000a\000n\000d\000\040\000t\000h\000e\000\040\000M\000i\000d\000d\000l\000e\000\040\000E\000a\000s\000t\000\040\000B\000l\000o\000c}{section.6}% 17
\BOOKMARK [2][-]{subsection*.27}{\376\377\000A\000s\000i\000a\000n\000\040\000B\000l\000o\000c}{section.6}% 18
\BOOKMARK [2][-]{subsection*.28}{\376\377\000I\000n\000t\000e\000r\000n\000a\000t\000i\000o\000n\000a\000l\000\040\000O\000r\000g\000a\000n\000i\000z\000a\000t\000i\000o\000n\000s}{section.6}% 19
\BOOKMARK [2][-]{subsection*.29}{\376\377\000N\000G\000O\000s\000\040\000a\000n\000d\000\040\000C\000i\000v\000i\000l\000\040\000S\000o\000c\000i\000e\000t\000y}{section.6}% 20
\BOOKMARK [1][-]{section.7}{\376\377\000Q\000u\000e\000s\000t\000i\000o\000n\000s\000\040\000a\000\040\000R\000e\000s\000o\000l\000u\000t\000i\000o\000n\000\040\000M\000u\000s\000t\000\040\000A\000n\000s\000w\000e\000r}{}% 21
\BOOKMARK [1][-]{Item.7}{\376\377\000F\000u\000r\000t\000h\000e\000r\000\040\000R\000e\000a\000d\000i\000n\000g\000s}{}% 22
\BOOKMARK [1][-]{Item.7}{\376\377\000B\000i\000b\000l\000i\000o\000g\000r\000a\000p\000h\000y}{}% 23
