\BOOKMARK [1][-]{section.1}{\376\377\000L\000i\000s\000t\000\040\000o\000f\000\040\000A\000b\000b\000r\000e\000v\000i\000a\000t\000i\000o\000n\000s}{}% 1
\BOOKMARK [1][-]{section.2}{\376\377\000L\000e\000t\000t\000e\000r\000\040\000f\000r\000o\000m\000\040\000C\000h\000a\000i\000r\000s}{}% 2
\BOOKMARK [1][-]{section.3}{\376\377\000A\000b\000o\000u\000t\000\040\000t\000h\000e\000\040\000C\000o\000m\000m\000i\000t\000t\000e\000e}{}% 3
\BOOKMARK [2][-]{subsection*.1}{\376\377\000P\000u\000r\000p\000o\000s\000e}{section.3}% 4
\BOOKMARK [2][-]{subsection*.2}{\376\377\000M\000a\000n\000d\000a\000t\000e\000\040\000a\000n\000d\000\040\000T\000r\000e\000a\000t\000y}{section.3}% 5
\BOOKMARK [2][-]{subsection*.3}{\376\377\000P\000a\000r\000t\000n\000e\000r\000s\000\040\000a\000n\000d\000\040\000n\000o\000n\000-\000m\000e\000m\000b\000e\000r\000\040\000s\000t\000a\000t\000e\000s}{section.3}% 6
\BOOKMARK [1][-]{section.4}{\376\377\000A\000b\000o\000u\000t\000\040\000t\000h\000e\000\040\000T\000o\000p\000i\000c}{}% 7
\BOOKMARK [2][-]{subsection*.6}{\376\377\000G\000e\000o\000g\000r\000a\000p\000h\000y\000\040\000a\000n\000d\000\040\000n\000a\000t\000u\000r\000a\000l\000\040\000r\000e\000s\000o\000u\000r\000c\000e\000s}{section.4}% 8
\BOOKMARK [2][-]{subsection*.7}{\376\377\000V\000u\000l\000n\000e\000r\000a\000b\000i\000l\000i\000t\000y\000\040\000a\000n\000d\000\040\000d\000a\000n\000g\000e\000r}{section.4}% 9
\BOOKMARK [1][-]{section.5}{\376\377\000P\000a\000s\000t\000\040\000A\000c\000t\000i\000o\000n\000s\000\040\000a\000n\000d\000\040\000C\000u\000r\000r\000e\000n\000t\000\040\000S\000i\000t\000u\000a\000t\000i\000o\000n}{}% 10
\BOOKMARK [2][-]{subsection*.8}{\376\377\000N\000A\000T\000O\040\031\000s\000\040\000r\000e\000s\000p\000o\000n\000s\000e\000:\000\040\000B\000a\000l\000t\000i\000c\000\040\000S\000e\000n\000t\000r\000y}{section.5}% 11
\BOOKMARK [2][-]{subsection*.9}{\376\377\000L\000e\000g\000a\000l\000\040\000c\000h\000a\000l\000l\000e\000n\000g\000e\000s}{section.5}% 12
\BOOKMARK [1][-]{section.6}{\376\377\000B\000l\000o\000c\000\040\000P\000o\000s\000i\000t\000i\000o\000n\000s\000\040\000a\000n\000d\000\040\000K\000e\000y\000\040\000S\000t\000a\000k\000e\000h\000o\000l\000d\000e\000r\000s}{}% 13
\BOOKMARK [2][-]{subsection*.10}{\376\377\000B\000a\000l\000t\000i\000c\000\040\000S\000t\000a\000t\000e\000s}{section.6}% 14
\BOOKMARK [2][-]{subsection*.11}{\376\377\000F\000i\000n\000l\000a\000n\000d\000\040\000a\000n\000d\000\040\000S\000w\000e\000d\000e\000n}{section.6}% 15
\BOOKMARK [2][-]{subsection*.12}{\376\377\000L\000a\000r\000g\000e\000r\000\040\000W\000e\000s\000t\000e\000r\000n\000\040\000M\000e\000m\000b\000e\000r\000s}{section.6}% 16
\BOOKMARK [2][-]{subsection*.13}{\376\377\000R\000u\000s\000s\000i\000a}{section.6}% 17
\BOOKMARK [2][-]{subsection*.14}{\376\377\000C\000h\000i\000n\000a}{section.6}% 18
\BOOKMARK [1][-]{section.7}{\376\377\000Q\000A\000R\000M\000A\000s}{}% 19
\BOOKMARK [1][-]{Item.9}{\376\377\000B\000i\000b\000l\000i\000o\000g\000r\000a\000p\000h\000y}{}% 20
\BOOKMARK [1][-]{Item.9}{\376\377\000F\000u\000r\000t\000h\000e\000r\000\040\000R\000e\000a\000d\000i\000n\000g}{}% 21
